// Jest Snapshot v1, https://goo.gl/fbAQLP

exports[`Layout matches snapshot 1`] = `
<Fragment>
  <Head>
    <meta
      content="IE=edge"
      httpEquiv="X-UA-Compatible"
    />
    <meta
      content="width=device-width, initial-scale=1"
      name="viewport"
    />
    <title>
      Filmyte | Discover Your Movies and TV Shows
    </title>
    <link
      href="/favicon.ico"
      rel="icon"
    />
    <link
      href="https://fonts.gstatic.com"
      rel="preconnect"
    />
    <link
      href="https://fonts.googleapis.com/css2?family=Asap:ital,wght@0,400;1,700&family=Open+Sans&display=swa"
      rel="stylesheet"
    />
  </Head>
  <Header />
  <main
    className="mainContainer"
  >
    <p>
      test
    </p>
  </main>
  <Footer />
</Fragment>
`;
