// Jest Snapshot v1, https://goo.gl/fbAQLP

exports[`Header matches snapshot 1`] = `
<header
  className="header"
>
  <div
    className="headerInner"
  >
    <Link
      href="/"
    >
      <a
        className="headerLogoLink"
      >
        <span
          className="filmyteLogo"
        >
          Filmyte
        </span>
      </a>
    </Link>
    <div
      className="headerEnd"
    >
      <nav
        className="navWrapper"
      >
        <ul
          className="navList"
        >
          <li>
            <Link
              href="/discover"
            >
              <a>
                Discover
              </a>
            </Link>
          </li>
          <li>
            <Link
              href="/about"
            >
              <a>
                About
              </a>
            </Link>
          </li>
        </ul>
      </nav>
      <button
        className="themeButton"
        id="theme-toggle"
        onClick={[MockFunction toggleTheme]}
        type="button"
      >
        <Moon
          color="#000000"
          size="1.5em"
          weight="bold"
        />
      </button>
    </div>
  </div>
</header>
`;
